Archive member included to satisfy reference by file (symbol)

/courses/TDDI11/sw/lib/elf/libepc.a(init-cpu.o)
                              (start)
/courses/TDDI11/sw/lib/elf/libepc.a(init-idt.o)
                              main.o (IRQ2INT)
/courses/TDDI11/sw/lib/elf/libepc.a(init-crt.o)
                              /courses/TDDI11/sw/lib/elf/libepc.a(init-cpu.o) (Init_CRT)
/courses/TDDI11/sw/lib/elf/libepc.a(display.o)
                              main.o (SetCursorVisible)
/courses/TDDI11/sw/lib/elf/libepc.a(init8259.o)
                              /courses/TDDI11/sw/lib/elf/libepc.a(init-cpu.o) (Init8259)
/courses/TDDI11/sw/lib/elf/libepc.a(init8253.o)
                              /courses/TDDI11/sw/lib/elf/libepc.a(init-cpu.o) (Init8253)
/courses/TDDI11/sw/lib/elf/libepc.a(queue.o)
                              main.o (QueueCreate)
/courses/TDDI11/sw/lib/elf/libepc.a(window.o)
                              inbound.o (WindowCreate)
/courses/TDDI11/sw/lib/elf/libepc.a(checkcpu.o)
                              /courses/TDDI11/sw/lib/elf/libepc.a(init-cpu.o) (Check_CPU)
/courses/TDDI11/sw/lib/elf/libepc.a(io.o)
                              /courses/TDDI11/sw/lib/elf/libepc.a(init-idt.o) (ISR_PIC1)
/courses/TDDI11/sw/lib/elf/libepc.a(keyboard.o)
                              outbound.o (ScanCodeRdy)
/courses/TDDI11/sw/lib/elf/libepc.a(heap.o)
                              /courses/TDDI11/sw/lib/elf/libepc.a(queue.o) (malloc)
/courses/TDDI11/sw/lib/elf/djgpp/libc.a(ct_flags.o)
                              outbound.o (__dj_ctype_flags)
/courses/TDDI11/sw/lib/elf/djgpp/libc.a(memcpy.o)
                              /courses/TDDI11/sw/lib/elf/libepc.a(queue.o) (_memcpy)
/courses/TDDI11/sw/lib/elf/djgpp/libc.a(strcpy.o)
                              /courses/TDDI11/sw/lib/elf/libepc.a(window.o) (_strcpy)
/courses/TDDI11/sw/lib/elf/djgpp/libc.a(strlen.o)
                              /courses/TDDI11/sw/lib/elf/libepc.a(window.o) (_strlen)
/courses/TDDI11/sw/lib/elf/djgpp/libc.a(disable.o)
                              main.o (disable)
/courses/TDDI11/sw/lib/elf/djgpp/libc.a(enable.o)
                              main.o (enable)
/courses/TDDI11/sw/lib/elf/djgpp/libc.a(djmd.o)
                              /courses/TDDI11/sw/lib/elf/djgpp/libc.a(memcpy.o) (___dj_movedata)

Allocating common symbols
Common symbol       size              file

inbound_queue       0x4               main.o

Discarded input sections

 .eh_frame      0x0000000000000000       0x5c main.o
 .eh_frame      0x0000000000000000       0x58 inbound.o
 .eh_frame      0x0000000000000000       0x58 outbound.o

Memory Configuration

Name             Origin             Length             Attributes
conventional     0x0000000000000000 0x00000000000a0000
reserved         0x00000000000a0000 0x0000000000060000
extended         0x0000000000100000 0x00000000fff00000
*default*        0x0000000000000000 0xffffffffffffffff

Linker script and memory map

LOAD main.o
LOAD serial.o
LOAD inbound.o
LOAD outbound.o
LOAD /courses/TDDI11/sw/lib/elf/libepc.a
LOAD /courses/TDDI11/sw/lib/elf/djgpp/libc.a
LOAD /courses/TDDI11/sw/i386-elf-gcc-7.3.0/lib/gcc/i386-elf/7.3.0/libgcc.a

.text           0x0000000000000000     0x2708
                0x0000000000000000                text_frst = .
 *(.start)
 .start         0x0000000000000000        0x8 /courses/TDDI11/sw/lib/elf/libepc.a(init-cpu.o)
                0x0000000000000000                start
 *(.init)
 *(.text)
 .text          0x0000000000000008      0x11d main.o
                0x0000000000000008                main
                0x0000000000000062                InitSerial
 *fill*         0x0000000000000125        0xb 
 .text          0x0000000000000130       0x25 serial.o
                0x0000000000000130                SerialPut
                0x000000000000014c                SerialISR
 .text          0x0000000000000155       0x60 inbound.o
                0x0000000000000155                InitInBound
                0x000000000000017b                InBound
 .text          0x00000000000001b5       0xea outbound.o
                0x00000000000001b5                InitOutBound
                0x00000000000001db                OutBound
 *fill*         0x000000000000029f        0x1 
 .text          0x00000000000002a0       0x50 /courses/TDDI11/sw/lib/elf/libepc.a(init-cpu.o)
                0x00000000000002a0                Init_CPU
 .text          0x00000000000002f0      0x5a0 /courses/TDDI11/sw/lib/elf/libepc.a(init-idt.o)
                0x0000000000000700                IRQ2INT
                0x0000000000000714                _GetISR
                0x0000000000000758                SetISR
                0x0000000000000790                Init_IDT
 .text          0x0000000000000890      0x110 /courses/TDDI11/sw/lib/elf/libepc.a(init-crt.o)
                0x0000000000000890                Init_CRT
                0x00000000000008c4                _LastMemoryAddress
 .text          0x00000000000009a0      0x6e0 /courses/TDDI11/sw/lib/elf/libepc.a(display.o)
                0x00000000000009a0                SetCursorVisible
                0x0000000000000a24                _GetCursorRow
                0x0000000000000a38                _GetCursorCol
                0x0000000000000a4c                SetCursorPosition
                0x0000000000000af0                ClearScreen
                0x0000000000000b58                _PutAttb
                0x0000000000000ba4                _PutCharAt
                0x0000000000000bd0                _PutChar
                0x0000000000000c54                PutString
                0x0000000000000c8c                PutUnsigned
                0x0000000000000cc4                FormatUnsigned
                0x0000000000000d54                Unsigned2Ascii
                0x0000000000000dd8                _Cell
 .text          0x0000000000001080       0xe0 /courses/TDDI11/sw/lib/elf/libepc.a(init8259.o)
                0x0000000000001080                Init8259
 .text          0x0000000000001160       0xb0 /courses/TDDI11/sw/lib/elf/libepc.a(init8253.o)
                0x0000000000001160                Init8253
 .text          0x0000000000001210      0x180 /courses/TDDI11/sw/lib/elf/libepc.a(queue.o)
                0x0000000000001210                QueueCreate
                0x000000000000127c                QueueRemove
                0x0000000000001300                QueueInsert
 .text          0x0000000000001390      0x600 /courses/TDDI11/sw/lib/elf/libepc.a(window.o)
                0x0000000000001394                WindowCreate
                0x000000000000147c                _WindowErase
                0x00000000000014ec                WindowSelect
                0x0000000000001510                WindowSetCursor
                0x0000000000001540                WindowPutChar
                0x0000000000001620                WindowPutString
 .text          0x0000000000001990       0x98 /courses/TDDI11/sw/lib/elf/libepc.a(checkcpu.o)
                0x0000000000001990                Check_CPU
 .text          0x0000000000001a28       0x60 /courses/TDDI11/sw/lib/elf/libepc.a(io.o)
                0x0000000000001a28                TimerTickISR
                0x0000000000001a34                KeyboardISR
                0x0000000000001a54                ISR_PIC1
                0x0000000000001a5b                ISR_PIC2
                0x0000000000001a64                ___main
                0x0000000000001a65                inportb
                0x0000000000001a6f                outportb
                0x0000000000001a81                _exit
 .text          0x0000000000001a88      0x570 /courses/TDDI11/sw/lib/elf/libepc.a(keyboard.o)
                0x0000000000001a88                ScanCodeRdy
                0x0000000000001aac                GetScanCode
                0x0000000000001adc                ScanCode2Ascii
                0x0000000000001c9c                SetsKybdState
                0x0000000000001e8c                Enqueue
 .text          0x0000000000001ff8      0x660 /courses/TDDI11/sw/lib/elf/libepc.a(heap.o)
                0x0000000000001ff8                malloc
                0x00000000000020ac                free
 .text          0x0000000000002658        0x0 /courses/TDDI11/sw/lib/elf/djgpp/libc.a(ct_flags.o)
 .text          0x0000000000002658       0x1c /courses/TDDI11/sw/lib/elf/djgpp/libc.a(memcpy.o)
                0x0000000000002658                _memcpy
 .text          0x0000000000002674       0x28 /courses/TDDI11/sw/lib/elf/djgpp/libc.a(strcpy.o)
                0x0000000000002674                _strcpy
 .text          0x000000000000269c       0x24 /courses/TDDI11/sw/lib/elf/djgpp/libc.a(strlen.o)
                0x000000000000269c                _strlen
 .text          0x00000000000026c0       0x10 /courses/TDDI11/sw/lib/elf/djgpp/libc.a(disable.o)
                0x00000000000026c0                disable
 .text          0x00000000000026d0       0x10 /courses/TDDI11/sw/lib/elf/djgpp/libc.a(enable.o)
                0x00000000000026d0                enable
 .text          0x00000000000026e0       0x28 /courses/TDDI11/sw/lib/elf/djgpp/libc.a(djmd.o)
                0x00000000000026e0                ___dj_movedata
                0x0000000000002707                text_last = (. - 0x1)

.data           0x0000000000002708      0x8c1
                0x0000000000002708                data_frst = .
 *(.data)
 .data          0x0000000000002708        0x0 main.o
 .data          0x0000000000002708        0x1 serial.o
 .data          0x0000000000002709        0x0 inbound.o
 .data          0x0000000000002709        0x0 outbound.o
 *fill*         0x0000000000002709        0x3 
 .data          0x000000000000270c       0x20 /courses/TDDI11/sw/lib/elf/libepc.a(init-cpu.o)
                0x000000000000272a                code_selector
 .data          0x000000000000272c       0x90 /courses/TDDI11/sw/lib/elf/libepc.a(init-idt.o)
 .data          0x00000000000027bc       0x10 /courses/TDDI11/sw/lib/elf/libepc.a(init-crt.o)
 .data          0x00000000000027cc       0x30 /courses/TDDI11/sw/lib/elf/libepc.a(display.o)
 .data          0x00000000000027fc        0x0 /courses/TDDI11/sw/lib/elf/libepc.a(init8259.o)
 .data          0x00000000000027fc        0x0 /courses/TDDI11/sw/lib/elf/libepc.a(init8253.o)
 .data          0x00000000000027fc        0x0 /courses/TDDI11/sw/lib/elf/libepc.a(queue.o)
 .data          0x00000000000027fc        0x0 /courses/TDDI11/sw/lib/elf/libepc.a(window.o)
 .data          0x00000000000027fc        0xc /courses/TDDI11/sw/lib/elf/libepc.a(io.o)
                0x00000000000027fc                msec
                0x0000000000002800                old_tick_isr
                0x0000000000002804                old_kybd_isr
 .data          0x0000000000002808      0x5a0 /courses/TDDI11/sw/lib/elf/libepc.a(keyboard.o)
 .data          0x0000000000002da8       0x10 /courses/TDDI11/sw/lib/elf/libepc.a(heap.o)
 .data          0x0000000000002db8      0x204 /courses/TDDI11/sw/lib/elf/djgpp/libc.a(ct_flags.o)
                0x0000000000002db8                __dj_ctype_flags
 .data          0x0000000000002fbc        0x0 /courses/TDDI11/sw/lib/elf/djgpp/libc.a(memcpy.o)
 .data          0x0000000000002fbc        0x0 /courses/TDDI11/sw/lib/elf/djgpp/libc.a(strcpy.o)
 .data          0x0000000000002fbc        0x0 /courses/TDDI11/sw/lib/elf/djgpp/libc.a(strlen.o)
 .data          0x0000000000002fbc        0x0 /courses/TDDI11/sw/lib/elf/djgpp/libc.a(disable.o)
 .data          0x0000000000002fbc        0x0 /courses/TDDI11/sw/lib/elf/djgpp/libc.a(enable.o)
 .data          0x0000000000002fbc        0x0 /courses/TDDI11/sw/lib/elf/djgpp/libc.a(djmd.o)
 *(.rodata)
 .rodata        0x0000000000002fbc        0x7 inbound.o
 .rodata        0x0000000000002fc3        0x6 outbound.o
 *(.rodata.str1.1)
 *(.rodata.str1.32)
                0x0000000000002fc8                data_last = (. - 0x1)

.bss            0x0000000000002fcc      0x848
                0x0000000000002fcc                bss_frst = .
 *(.bss)
 .bss           0x0000000000002fcc        0x0 main.o
 .bss           0x0000000000002fcc        0x4 inbound.o
 .bss           0x0000000000002fd0        0x4 outbound.o
 .bss           0x0000000000002fd4      0x800 /courses/TDDI11/sw/lib/elf/libepc.a(init-idt.o)
 .bss           0x00000000000037d4        0x0 /courses/TDDI11/sw/lib/elf/libepc.a(init-crt.o)
 .bss           0x00000000000037d4        0x8 /courses/TDDI11/sw/lib/elf/libepc.a(display.o)
 .bss           0x00000000000037dc        0x0 /courses/TDDI11/sw/lib/elf/libepc.a(init8259.o)
 .bss           0x00000000000037dc        0x0 /courses/TDDI11/sw/lib/elf/libepc.a(init8253.o)
 .bss           0x00000000000037dc        0x0 /courses/TDDI11/sw/lib/elf/libepc.a(queue.o)
 .bss           0x00000000000037dc        0x0 /courses/TDDI11/sw/lib/elf/libepc.a(window.o)
 .bss           0x00000000000037dc       0x34 /courses/TDDI11/sw/lib/elf/libepc.a(keyboard.o)
 .bss           0x0000000000003810        0x0 /courses/TDDI11/sw/lib/elf/libepc.a(heap.o)
 .bss           0x0000000000003810        0x0 /courses/TDDI11/sw/lib/elf/djgpp/libc.a(ct_flags.o)
 .bss           0x0000000000003810        0x0 /courses/TDDI11/sw/lib/elf/djgpp/libc.a(memcpy.o)
 .bss           0x0000000000003810        0x0 /courses/TDDI11/sw/lib/elf/djgpp/libc.a(strcpy.o)
 .bss           0x0000000000003810        0x0 /courses/TDDI11/sw/lib/elf/djgpp/libc.a(strlen.o)
 .bss           0x0000000000003810        0x0 /courses/TDDI11/sw/lib/elf/djgpp/libc.a(disable.o)
 .bss           0x0000000000003810        0x0 /courses/TDDI11/sw/lib/elf/djgpp/libc.a(enable.o)
 .bss           0x0000000000003810        0x0 /courses/TDDI11/sw/lib/elf/djgpp/libc.a(djmd.o)
 *(COMMON)
 COMMON         0x0000000000003810        0x4 main.o
                0x0000000000003810                inbound_queue
                0x0000000000003813                bss_last = (. - 0x1)

/DISCARD/
 *(.eh_frame)
                0x0000000000003814                stack_frst = (bss_last + 0x1)
                0x000000000000b813                stack_last = (bss_last + 0x8000)
                0x000000000000b814                heap_frst = (stack_last + 0x1)
OUTPUT(embedded.bin binary)

.debug_info     0x0000000000000000      0x4a9
 .debug_info    0x0000000000000000      0x165 main.o
 .debug_info    0x0000000000000165      0x1b0 inbound.o
 .debug_info    0x0000000000000315      0x194 outbound.o

.debug_abbrev   0x0000000000000000      0x2ab
 .debug_abbrev  0x0000000000000000       0xd6 main.o
 .debug_abbrev  0x00000000000000d6       0xe7 inbound.o
 .debug_abbrev  0x00000000000001bd       0xee outbound.o

.debug_aranges  0x0000000000000000       0x60
 .debug_aranges
                0x0000000000000000       0x20 main.o
 .debug_aranges
                0x0000000000000020       0x20 inbound.o
 .debug_aranges
                0x0000000000000040       0x20 outbound.o

.debug_line     0x0000000000000000      0x1d3
 .debug_line    0x0000000000000000       0xbb main.o
 .debug_line    0x00000000000000bb       0x67 inbound.o
 .debug_line    0x0000000000000122       0xb1 outbound.o

.debug_str      0x0000000000000000      0x3f0
 .debug_str     0x0000000000000000      0x164 main.o
 .debug_str     0x0000000000000164      0x146 inbound.o
 .debug_str     0x00000000000002aa      0x146 outbound.o

.comment        0x0000000000000000       0x36
 .comment       0x0000000000000000       0x12 main.o
 .comment       0x0000000000000012       0x12 inbound.o
 .comment       0x0000000000000024       0x12 outbound.o
